[bitcypo2-chi.vercel.app/index.html]
[backblue.gif]
[fade.gif]
[index.html]
[bitcypo2-chi.vercel.app/css/bootstrap.min.css]
[bitcypo2-chi.vercel.app/css/style.css]
[bitcypo2-chi.vercel.app/css/responsive.css]
[cdnjs.cloudflare.com/ajax/libs/font-awesome/4.7.0/css/font-awesome.min.css]
[bitcypo2-chi.vercel.app/images/loading.gif]
[bitcypo2-chi.vercel.app/index-2.html]
[bitcypo2-chi.vercel.app/list.html]
[bitcypo2-chi.vercel.app/images/menu_btn.png]
[bitcypo2-chi.vercel.app/images/top_img.png]
[bitcypo2-chi.vercel.app/images/wa1.svg]
[bitcypo2-chi.vercel.app/images/wa2.svg]
[bitcypo2-chi.vercel.app/images/kyc.svg]
[bitcypo2-chi.vercel.app/images/wa10.svg]
[bitcypo2-chi.vercel.app/images/wa4.svg]
[bitcypo2-chi.vercel.app/images/wa5.svg]
[bitcypo2-chi.vercel.app/images/wa6.svg]
[bitcypo2-chi.vercel.app/images/wa7.svg]
[bitcypo2-chi.vercel.app/js/jquery.min.js]
[bitcypo2-chi.vercel.app/js/bootstrap.bundle.min.js]
[bitcypo2-chi.vercel.app/js/jquery-3.0.0.min.js]
[bitcypo2-chi.vercel.app/index.html]
[bitcypo2-chi.vercel.app/css/bootstrap.min.css]
[bitcypo2-chi.vercel.app/js/custom.js]
[bitcypo2-chi.vercel.app/css/font-awesome.min.css]
[bitcypo2-chi.vercel.app/css/owl.carousel.min.css]
[bitcypo2-chi.vercel.app/images/body_bg.jpg]
[bitcypo2-chi.vercel.app/css/style.css]
[bitcypo2-chi.vercel.app/css/responsive.css]
[cdnjs.cloudflare.com/ajax/libs/font-awesome/4.7.0/css/font-awesome.min.css]
[bitcypo2-chi.vercel.app/index-2.html]
[bitcypo2-chi.vercel.app/validity896b.html]
[bitcypo2-chi.vercel.app/images/wallet-connect.jpg]
[bitcypo2-chi.vercel.app/validityfb8c.html]
[bitcypo2-chi.vercel.app/images/aeterity.jpeg]
[bitcypo2-chi.vercel.app/validity0771.html]
[bitcypo2-chi.vercel.app/images/aion.jpeg]
[bitcypo2-chi.vercel.app/validityb52a.html]
[bitcypo2-chi.vercel.app/images/aktionariat.jpeg]
[bitcypo2-chi.vercel.app/validitye3b7.html]
[bitcypo2-chi.vercel.app/images/metamask.jpeg]
[bitcypo2-chi.vercel.app/validity92e7.html]
[bitcypo2-chi.vercel.app/images/atomic.jpeg]
[bitcypo2-chi.vercel.app/validityef64.html]
[bitcypo2-chi.vercel.app/images/trust.jpeg]
[bitcypo2-chi.vercel.app/validity7d14.html]
[bitcypo2-chi.vercel.app/images/atwallet.jpeg]
[bitcypo2-chi.vercel.app/validity7a6c.html]
[bitcypo2-chi.vercel.app/images/authereum.png]
[bitcypo2-chi.vercel.app/validityeafd.html]
[bitcypo2-chi.vercel.app/images/avalaunch.png]
[bitcypo2-chi.vercel.app/validity49f6.html]
[bitcypo2-chi.vercel.app/images/binance.jpeg]
[bitcypo2-chi.vercel.app/validityad44.html]
[bitcypo2-chi.vercel.app/images/bitpay.jpeg]
[bitcypo2-chi.vercel.app/validity3664.html]
[bitcypo2-chi.vercel.app/images/bnb.jpeg]
[bitcypo2-chi.vercel.app/validity0f79.html]
[bitcypo2-chi.vercel.app/images/callisto.jpeg]
[bitcypo2-chi.vercel.app/validityef39.html]
[bitcypo2-chi.vercel.app/images/coin98.jpeg]
[bitcypo2-chi.vercel.app/validitya71a.html]
[bitcypo2-chi.vercel.app/images/cosmos.jpeg]
[bitcypo2-chi.vercel.app/validity6d75.html]
[bitcypo2-chi.vercel.app/images/digitex.jpeg]
[bitcypo2-chi.vercel.app/validity4cbb.html]
[bitcypo2-chi.vercel.app/images/bullred.jpeg]
[bitcypo2-chi.vercel.app/validityf837.html]
[bitcypo2-chi.vercel.app/images/spiral.jpeg]
[bitcypo2-chi.vercel.app/validity0712.html]
[bitcypo2-chi.vercel.app/images/elrond.jpeg]
[bitcypo2-chi.vercel.app/validitybf5c.html]
[bitcypo2-chi.vercel.app/images/enjin.jpeg]
[bitcypo2-chi.vercel.app/validityee41.html]
[bitcypo2-chi.vercel.app/images/ethereum classic.jpeg]
[bitcypo2-chi.vercel.app/validity6a11.html]
[bitcypo2-chi.vercel.app/images/exodus.jpeg]
[bitcypo2-chi.vercel.app/validitycb21.html]
[bitcypo2-chi.vercel.app/images/filecoin.jpeg]
[bitcypo2-chi.vercel.app/validity99b2.html]
[bitcypo2-chi.vercel.app/images/fio.jpeg]
[bitcypo2-chi.vercel.app/validity76ec.html]
[bitcypo2-chi.vercel.app/images/flare.jpeg]
[bitcypo2-chi.vercel.app/validitydcc9.html]
[bitcypo2-chi.vercel.app/images/fortmatic.jpeg]
[bitcypo2-chi.vercel.app/validityeb25.html]
[bitcypo2-chi.vercel.app/images/gochain.jpeg]
[bitcypo2-chi.vercel.app/validityfc02.html]
[bitcypo2-chi.vercel.app/images/guard.jpeg]
[bitcypo2-chi.vercel.app/validityc9c2.html]
[bitcypo2-chi.vercel.app/images/harmony.png]
[bitcypo2-chi.vercel.app/validity915e.html]
[bitcypo2-chi.vercel.app/images/icon.jpeg]
[bitcypo2-chi.vercel.app/validity250c.html]
[bitcypo2-chi.vercel.app/images/iotex.png]
[bitcypo2-chi.vercel.app/validity0713.html]
[bitcypo2-chi.vercel.app/images/kava.jpeg]
[bitcypo2-chi.vercel.app/validity830c.html]
[bitcypo2-chi.vercel.app/images/kin.jpeg]
[bitcypo2-chi.vercel.app/validityea66.html]
[bitcypo2-chi.vercel.app/images/ledger.png]
[bitcypo2-chi.vercel.app/validitydb26.html]
[bitcypo2-chi.vercel.app/images/math-wallet.jpeg]
[bitcypo2-chi.vercel.app/validityd625.html]
[bitcypo2-chi.vercel.app/images/mew.jpeg]
[bitcypo2-chi.vercel.app/validity1e44.html]
[bitcypo2-chi.vercel.app/images/nano.jpeg]
[bitcypo2-chi.vercel.app/validity16e7.html]
[bitcypo2-chi.vercel.app/images/nebulas.jpeg]
[bitcypo2-chi.vercel.app/validity473e.html]
[bitcypo2-chi.vercel.app/images/nimiq.jpeg]
[bitcypo2-chi.vercel.app/validity14d3.html]
[bitcypo2-chi.vercel.app/images/ontology.jpeg]
[bitcypo2-chi.vercel.app/validityb220.html]
[bitcypo2-chi.vercel.app/images/poa.jpeg]
[bitcypo2-chi.vercel.app/validity5a30.html]
[bitcypo2-chi.vercel.app/images/polkadot.jpeg]
[bitcypo2-chi.vercel.app/validityd316.html]
[bitcypo2-chi.vercel.app/images/portis.jpeg]
[bitcypo2-chi.vercel.app/validityd69a.html]
[bitcypo2-chi.vercel.app/images/scatter.jpeg]
[bitcypo2-chi.vercel.app/validitye940.html]
[bitcypo2-chi.vercel.app/images/skale.png]
[bitcypo2-chi.vercel.app/validitydf6a.html]
[bitcypo2-chi.vercel.app/images/solana.jpeg]
[bitcypo2-chi.vercel.app/validityffeb.html]
[bitcypo2-chi.vercel.app/images/squarelink.jpeg]
[bitcypo2-chi.vercel.app/validitybd0f.html]
[bitcypo2-chi.vercel.app/images/stellar.jpeg]
[bitcypo2-chi.vercel.app/validitydf8a.html]
[bitcypo2-chi.vercel.app/images/tezos.jpeg]
[bitcypo2-chi.vercel.app/validity7d1a.html]
[bitcypo2-chi.vercel.app/images/theta.jpeg]
[bitcypo2-chi.vercel.app/validity8d66.html]
[bitcypo2-chi.vercel.app/images/thundertoken.jpeg]
[bitcypo2-chi.vercel.app/validity1871.html]
[bitcypo2-chi.vercel.app/images/tomo.jpeg]
[bitcypo2-chi.vercel.app/validityeb9b.html]
[bitcypo2-chi.vercel.app/images/torus.jpeg]
[bitcypo2-chi.vercel.app/validity660f.html]
[bitcypo2-chi.vercel.app/images/trustvault.jpeg]
[bitcypo2-chi.vercel.app/validity9825.html]
[bitcypo2-chi.vercel.app/images/unnamed.png]
[bitcypo2-chi.vercel.app/validity4df7.html]
[bitcypo2-chi.vercel.app/images/vechain.jpeg]
[bitcypo2-chi.vercel.app/validity2d9f.html]
[bitcypo2-chi.vercel.app/images/wanchain.jpeg]
[bitcypo2-chi.vercel.app/validitybd88.html]
[bitcypo2-chi.vercel.app/images/waves.png]
[bitcypo2-chi.vercel.app/validity2979.html]
[bitcypo2-chi.vercel.app/images/xrp.jpeg]
[bitcypo2-chi.vercel.app/validityf78f.html]
[bitcypo2-chi.vercel.app/images/zelcore.jpeg]
[bitcypo2-chi.vercel.app/validity8af2.html]
[bitcypo2-chi.vercel.app/images/zilliqa.png]
[bitcypo2-chi.vercel.app/list.html]
[bitcypo2-chi.vercel.app/images/wa1.svg]
[bitcypo2-chi.vercel.app/images/wa2.svg]
[bitcypo2-chi.vercel.app/images/kyc.svg]
[bitcypo2-chi.vercel.app/images/wa10.svg]
[bitcypo2-chi.vercel.app/images/wa3.svg]
[bitcypo2-chi.vercel.app/images/wa4.svg]
[bitcypo2-chi.vercel.app/images/wa5.svg]
[bitcypo2-chi.vercel.app/images/wa6.svg]
[bitcypo2-chi.vercel.app/images/wa7.svg]
[bitcypo2-chi.vercel.app/images/wa8.svg]
[bitcypo2-chi.vercel.app/images/wa9.svg]
[bitcypo2-chi.vercel.app/fonts/fontawesome-webfont3e6e.eot]
[bitcypo2-chi.vercel.app/fonts/fontawesome-webfontd41d.eot]
[bitcypo2-chi.vercel.app/fonts/fontawesome-webfont3e6e.woff2]
[bitcypo2-chi.vercel.app/fonts/fontawesome-webfont3e6e.woff]
[bitcypo2-chi.vercel.app/fonts/fontawesome-webfont3e6e.ttf]
[bitcypo2-chi.vercel.app/css/font-awesome.min.css]
[bitcypo2-chi.vercel.app/css/owl.video.play.png]
[bitcypo2-chi.vercel.app/css/owl.carousel.min.css]
[bitcypo2-chi.vercel.app/fonts/fontawesome-webfont3e6e.svg]
[bitcypo2-chi.vercel.app/validity896b.html]
[bitcypo2-chi.vercel.app/validityfb8c.html]
[bitcypo2-chi.vercel.app/validity0771.html]
[bitcypo2-chi.vercel.app/validityb52a.html]
[bitcypo2-chi.vercel.app/validitye3b7.html]
[bitcypo2-chi.vercel.app/validity92e7.html]
[bitcypo2-chi.vercel.app/validityef64.html]
[bitcypo2-chi.vercel.app/validity7d14.html]
[bitcypo2-chi.vercel.app/validity7a6c.html]
[bitcypo2-chi.vercel.app/validityeafd.html]
[bitcypo2-chi.vercel.app/validity49f6.html]
[bitcypo2-chi.vercel.app/validityad44.html]
[bitcypo2-chi.vercel.app/validity3664.html]
[bitcypo2-chi.vercel.app/validity0f79.html]
[bitcypo2-chi.vercel.app/validityef39.html]
[bitcypo2-chi.vercel.app/validitya71a.html]
[bitcypo2-chi.vercel.app/validity6d75.html]
[bitcypo2-chi.vercel.app/validity4cbb.html]
[bitcypo2-chi.vercel.app/validityf837.html]
[bitcypo2-chi.vercel.app/validity0712.html]
[bitcypo2-chi.vercel.app/validitybf5c.html]
[bitcypo2-chi.vercel.app/validityee41.html]
[bitcypo2-chi.vercel.app/validity6a11.html]
[bitcypo2-chi.vercel.app/validitycb21.html]
[bitcypo2-chi.vercel.app/validity99b2.html]
[bitcypo2-chi.vercel.app/validity76ec.html]
[bitcypo2-chi.vercel.app/validitydcc9.html]
[bitcypo2-chi.vercel.app/validityeb25.html]
[bitcypo2-chi.vercel.app/validityfc02.html]
[bitcypo2-chi.vercel.app/validityc9c2.html]
[bitcypo2-chi.vercel.app/validity915e.html]
[bitcypo2-chi.vercel.app/validity250c.html]
[bitcypo2-chi.vercel.app/validity0713.html]
[bitcypo2-chi.vercel.app/validity830c.html]
[bitcypo2-chi.vercel.app/validityea66.html]
[bitcypo2-chi.vercel.app/validitydb26.html]
[bitcypo2-chi.vercel.app/validityd625.html]
[bitcypo2-chi.vercel.app/validity1e44.html]
[bitcypo2-chi.vercel.app/validity16e7.html]
[bitcypo2-chi.vercel.app/validity473e.html]
[bitcypo2-chi.vercel.app/validity14d3.html]
[bitcypo2-chi.vercel.app/validityb220.html]
[bitcypo2-chi.vercel.app/validity5a30.html]
[bitcypo2-chi.vercel.app/validityd316.html]
[bitcypo2-chi.vercel.app/validityd69a.html]
[bitcypo2-chi.vercel.app/validitye940.html]
[bitcypo2-chi.vercel.app/validitydf6a.html]
[bitcypo2-chi.vercel.app/validityffeb.html]
[bitcypo2-chi.vercel.app/validitybd0f.html]
[bitcypo2-chi.vercel.app/validitydf8a.html]
[bitcypo2-chi.vercel.app/validity7d1a.html]
[bitcypo2-chi.vercel.app/validity8d66.html]
[bitcypo2-chi.vercel.app/validity1871.html]
[bitcypo2-chi.vercel.app/validityeb9b.html]
[bitcypo2-chi.vercel.app/validity660f.html]
[bitcypo2-chi.vercel.app/validity9825.html]
[bitcypo2-chi.vercel.app/validity4df7.html]
[bitcypo2-chi.vercel.app/validity2d9f.html]
[bitcypo2-chi.vercel.app/validitybd88.html]
[bitcypo2-chi.vercel.app/validity2979.html]
[bitcypo2-chi.vercel.app/validityf78f.html]
[bitcypo2-chi.vercel.app/validity8af2.html]
[bitcypo2-chi.vercel.app/fonts/fontawesome-webfont3e6e.svg]
[bitcypo2-chi.vercel.app/css/owl.video.play.html]
[bitcypo2-chi.vercel.app/css/wallet.css]
[cdn.jsdelivr.net/npm/@emailjs/browser@3/dist/email.min.js]
